2026-09-22 18:13:48 | INFO | experiment=seed46
2026-09-22 18:13:48 | INFO | directory=experiments/exp01/seeds/seed46
2026-09-22 18:13:48 | INFO | git_commit=eeae0c53d406d4f7162eadeabc7a5513d29d5135 dirty=False
2026-09-22 18:13:48 | INFO | building data, graph, model, optimizer, and SMB
2026-09-22 18:13:59 | INFO | model parameters=329252 online_parameters=22484
2026-09-22 18:13:59 | INFO | warm-up started checkpoint=experiments/exp01/seeds/seed46/checkpoints/warmup.pt
2026-09-22 18:15:20 | INFO | warm-up epoch=1 train_mae=0.709017 validation_mae=0.036375
2026-09-22 18:16:42 | INFO | warm-up epoch=2 train_mae=0.588524 validation_mae=0.040357
2026-09-22 18:18:03 | INFO | warm-up epoch=3 train_mae=0.543933 validation_mae=0.033873
2026-09-22 18:19:25 | INFO | warm-up epoch=4 train_mae=0.525272 validation_mae=0.032721
2026-09-22 18:20:47 | INFO | warm-up epoch=5 train_mae=0.514715 validation_mae=0.032476
2026-09-22 18:22:10 | INFO | warm-up epoch=6 train_mae=0.509329 validation_mae=0.032518
2026-09-22 18:23:31 | INFO | warm-up epoch=7 train_mae=0.506675 validation_mae=0.032432
2026-09-22 18:24:52 | INFO | warm-up epoch=8 train_mae=0.504765 validation_mae=0.032477
2026-09-22 18:26:13 | INFO | warm-up epoch=9 train_mae=0.504430 validation_mae=0.032510
2026-09-22 18:27:34 | INFO | warm-up epoch=10 train_mae=0.503614 validation_mae=0.032716
2026-09-22 18:28:56 | INFO | warm-up epoch=11 train_mae=0.503263 validation_mae=0.032396
2026-09-22 18:30:17 | INFO | warm-up epoch=12 train_mae=0.504056 validation_mae=0.032519
2026-09-22 18:31:38 | INFO | warm-up epoch=13 train_mae=0.503323 validation_mae=0.032463
2026-09-22 18:32:59 | INFO | warm-up epoch=14 train_mae=0.503527 validation_mae=0.032535
2026-09-22 18:34:20 | INFO | warm-up epoch=15 train_mae=0.503645 validation_mae=0.032513
2026-09-22 18:35:41 | INFO | warm-up epoch=16 train_mae=0.503419 validation_mae=0.032548
2026-09-22 18:37:03 | INFO | warm-up epoch=17 train_mae=0.503646 validation_mae=0.032447
2026-09-22 18:38:24 | INFO | warm-up epoch=18 train_mae=0.503574 validation_mae=0.032484
2026-09-22 18:39:45 | INFO | warm-up epoch=19 train_mae=0.503744 validation_mae=0.032540
2026-09-22 18:41:06 | INFO | warm-up epoch=20 train_mae=0.503987 validation_mae=0.032405
2026-09-22 18:42:27 | INFO | warm-up epoch=21 train_mae=0.503403 validation_mae=0.032546
2026-09-22 18:42:27 | INFO | warm-up completed best_epoch=11 validation_mae=0.032396
2026-09-22 18:42:27 | INFO | building fresh online model, optimizer, and SMB
2026-09-22 18:42:38 | INFO | online setup lr=0.001 optimizer_states=0 replay_seen=0 validation_passes=1
2026-09-22 18:42:38 | INFO | online evaluation started
2026-09-22 18:43:03 | INFO | online processed=1000/105181 updates=673
2026-09-22 18:43:28 | INFO | online processed=2000/105181 updates=1328
2026-09-22 18:43:44 | INFO | online processed=3000/105181 updates=1656
2026-09-22 18:44:01 | INFO | online processed=4000/105181 updates=2017
2026-09-22 18:44:26 | INFO | online processed=5000/105181 updates=2689
2026-09-22 18:44:50 | INFO | online processed=6000/105181 updates=3312
2026-09-22 18:45:06 | INFO | online processed=7000/105181 updates=3640
2026-09-22 18:45:24 | INFO | online processed=8000/105181 updates=4033
2026-09-22 18:45:50 | INFO | online processed=9000/105181 updates=4705
2026-09-22 18:46:13 | INFO | online processed=10000/105181 updates=5296
2026-09-22 18:46:29 | INFO | online processed=11000/105181 updates=5624
2026-09-22 18:46:48 | INFO | online processed=12000/105181 updates=6049
2026-09-22 18:47:13 | INFO | online processed=13000/105181 updates=6721
2026-09-22 18:47:36 | INFO | online processed=14000/105181 updates=7280
2026-09-22 18:47:52 | INFO | online processed=15000/105181 updates=7608
2026-09-22 18:48:11 | INFO | online processed=16000/105181 updates=8065
2026-09-22 18:48:37 | INFO | online processed=17000/105181 updates=8737
2026-09-22 18:48:58 | INFO | online processed=18000/105181 updates=9264
2026-09-22 18:49:15 | INFO | online processed=19000/105181 updates=9592
2026-09-22 18:49:35 | INFO | online processed=20000/105181 updates=10081
2026-09-22 18:50:01 | INFO | online processed=21000/105181 updates=10753
2026-09-22 18:50:21 | INFO | online processed=22000/105181 updates=11248
2026-09-22 18:50:38 | INFO | online processed=23000/105181 updates=11576
2026-09-22 18:50:59 | INFO | online processed=24000/105181 updates=12097
2026-09-22 18:51:25 | INFO | online processed=25000/105181 updates=12769
2026-09-22 18:51:44 | INFO | online processed=26000/105181 updates=13232
2026-09-22 18:52:01 | INFO | online processed=27000/105181 updates=13560
2026-09-22 18:52:23 | INFO | online processed=28000/105181 updates=14113
2026-09-22 18:52:48 | INFO | online processed=29000/105181 updates=14785
2026-09-22 18:53:07 | INFO | online processed=30000/105181 updates=15216
2026-09-22 18:53:24 | INFO | online processed=31000/105181 updates=15544
2026-09-22 18:53:47 | INFO | online processed=32000/105181 updates=16129
2026-09-22 18:54:13 | INFO | online processed=33000/105181 updates=16801
2026-09-22 18:54:31 | INFO | online processed=34000/105181 updates=17200
2026-09-22 18:54:47 | INFO | online processed=35000/105181 updates=17528
2026-09-22 18:55:11 | INFO | online processed=36000/105181 updates=18145
2026-09-22 18:55:37 | INFO | online processed=37000/105181 updates=18817
2026-09-22 18:55:54 | INFO | online processed=38000/105181 updates=19184
2026-09-22 18:56:11 | INFO | online processed=39000/105181 updates=19512
2026-09-22 18:56:36 | INFO | online processed=40000/105181 updates=20161
2026-09-22 18:57:01 | INFO | online processed=41000/105181 updates=20833
2026-09-22 18:57:18 | INFO | online processed=42000/105181 updates=21168
2026-09-22 18:57:34 | INFO | online processed=43000/105181 updates=21505
2026-09-22 18:58:00 | INFO | online processed=44000/105181 updates=22177
2026-09-22 18:58:25 | INFO | online processed=45000/105181 updates=22824
2026-09-22 18:58:41 | INFO | online processed=46000/105181 updates=23152
2026-09-22 18:58:59 | INFO | online processed=47000/105181 updates=23521
2026-09-22 18:59:24 | INFO | online processed=48000/105181 updates=24193
2026-09-22 18:59:49 | INFO | online processed=49000/105181 updates=24808
2026-09-22 19:00:05 | INFO | online processed=50000/105181 updates=25136
2026-09-22 19:00:23 | INFO | online processed=51000/105181 updates=25537
2026-09-22 19:00:49 | INFO | online processed=52000/105181 updates=26209
2026-09-22 19:01:12 | INFO | online processed=53000/105181 updates=26792
2026-09-22 19:01:29 | INFO | online processed=54000/105181 updates=27120
2026-09-22 19:01:48 | INFO | online processed=55000/105181 updates=27553
2026-09-22 19:02:14 | INFO | online processed=56000/105181 updates=28225
2026-09-22 19:02:36 | INFO | online processed=57000/105181 updates=28776
2026-09-22 19:02:52 | INFO | online processed=58000/105181 updates=29104
2026-09-22 19:03:13 | INFO | online processed=59000/105181 updates=29569
2026-09-22 19:03:38 | INFO | online processed=60000/105181 updates=30241
2026-09-22 19:04:00 | INFO | online processed=61000/105181 updates=30760
2026-09-22 19:04:16 | INFO | online processed=62000/105181 updates=31088
2026-09-22 19:04:37 | INFO | online processed=63000/105181 updates=31585
2026-09-22 19:05:03 | INFO | online processed=64000/105181 updates=32257
2026-09-22 19:05:24 | INFO | online processed=65000/105181 updates=32744
2026-09-22 19:05:40 | INFO | online processed=66000/105181 updates=33072
2026-09-22 19:06:02 | INFO | online processed=67000/105181 updates=33601
2026-09-22 19:06:28 | INFO | online processed=68000/105181 updates=34273
2026-09-22 19:06:48 | INFO | online processed=69000/105181 updates=34728
2026-09-22 19:07:04 | INFO | online processed=70000/105181 updates=35056
2026-09-22 19:07:27 | INFO | online processed=71000/105181 updates=35617
2026-09-22 19:07:53 | INFO | online processed=72000/105181 updates=36289
2026-09-22 19:08:12 | INFO | online processed=73000/105181 updates=36712
2026-09-22 19:08:28 | INFO | online processed=74000/105181 updates=37040
2026-09-22 19:08:52 | INFO | online processed=75000/105181 updates=37633
2026-09-22 19:09:18 | INFO | online processed=76000/105181 updates=38305
2026-09-22 19:09:36 | INFO | online processed=77000/105181 updates=38696
2026-09-22 19:09:53 | INFO | online processed=78000/105181 updates=39024
2026-09-22 19:10:17 | INFO | online processed=79000/105181 updates=39649
2026-09-22 19:10:43 | INFO | online processed=80000/105181 updates=40321
2026-09-22 19:11:00 | INFO | online processed=81000/105181 updates=40680
2026-09-22 19:11:17 | INFO | online processed=82000/105181 updates=41008
2026-09-22 19:11:42 | INFO | online processed=83000/105181 updates=41665
2026-09-22 19:12:08 | INFO | online processed=84000/105181 updates=42336
2026-09-22 19:12:24 | INFO | online processed=85000/105181 updates=42664
2026-09-22 19:12:41 | INFO | online processed=86000/105181 updates=43009
2026-09-22 19:13:07 | INFO | online processed=87000/105181 updates=43681
2026-09-22 19:13:32 | INFO | online processed=88000/105181 updates=44320
2026-09-22 19:13:49 | INFO | online processed=89000/105181 updates=44648
2026-09-22 19:14:07 | INFO | online processed=90000/105181 updates=45025
2026-09-22 19:14:32 | INFO | online processed=91000/105181 updates=45697
2026-09-22 19:14:56 | INFO | online processed=92000/105181 updates=46304
2026-09-22 19:15:13 | INFO | online processed=93000/105181 updates=46632
2026-09-22 19:15:32 | INFO | online processed=94000/105181 updates=47041
2026-09-22 19:15:58 | INFO | online processed=95000/105181 updates=47713
2026-09-22 19:16:21 | INFO | online processed=96000/105181 updates=48288
2026-09-22 19:16:37 | INFO | online processed=97000/105181 updates=48616
2026-09-22 19:16:57 | INFO | online processed=98000/105181 updates=49057
2026-09-22 19:17:23 | INFO | online processed=99000/105181 updates=49729
2026-09-22 19:17:45 | INFO | online processed=100000/105181 updates=50272
2026-09-22 19:18:02 | INFO | online processed=101000/105181 updates=50600
2026-09-22 19:18:22 | INFO | online processed=102000/105181 updates=51073
2026-09-22 19:18:48 | INFO | online processed=103000/105181 updates=51745
2026-09-22 19:19:10 | INFO | online processed=104000/105181 updates=52256
2026-09-22 19:19:26 | INFO | online processed=105000/105181 updates=52584
2026-09-22 19:19:33 | INFO | online processed=105181/105181 updates=52765
2026-09-22 19:19:33 | INFO | online completed mae=0.704040 rmse=2.246196 sample_rmse=2.011656 wmape=0.361675 updates=52765/105181
2026-09-22 19:19:33 | INFO | metrics=experiments/exp01/seeds/seed46/metrics.json
