2026-09-21 17:52:48 | INFO | experiment=exp00
2026-09-21 17:52:48 | INFO | directory=experiments/exp00
2026-09-21 17:52:48 | INFO | git_commit=unborn dirty=True
2026-09-21 17:52:48 | INFO | previous attempt archived=experiments/exp00/attempts/20260921T175248600015
2026-09-21 17:52:48 | INFO | warm-up skipped; reusing checkpoint=experiments/exp00/checkpoints/warmup.pt
2026-09-21 17:52:48 | INFO | building fresh online model, optimizer, and SMB
2026-09-21 17:52:59 | INFO | online setup lr=0.001 optimizer_states=0 replay_seen=0 validation_passes=1
2026-09-21 17:52:59 | INFO | online evaluation started
2026-09-21 17:53:24 | INFO | online processed=1000/105181 updates=673
2026-09-21 17:53:48 | INFO | online processed=2000/105181 updates=1328
2026-09-21 17:54:04 | INFO | online processed=3000/105181 updates=1656
2026-09-21 17:54:21 | INFO | online processed=4000/105181 updates=2017
2026-09-21 17:54:46 | INFO | online processed=5000/105181 updates=2689
2026-09-21 17:55:09 | INFO | online processed=6000/105181 updates=3312
2026-09-21 17:55:25 | INFO | online processed=7000/105181 updates=3640
2026-09-21 17:55:42 | INFO | online processed=8000/105181 updates=4033
2026-09-21 17:56:07 | INFO | online processed=9000/105181 updates=4705
2026-09-21 17:56:30 | INFO | online processed=10000/105181 updates=5296
2026-09-21 17:56:46 | INFO | online processed=11000/105181 updates=5624
2026-09-21 17:57:04 | INFO | online processed=12000/105181 updates=6049
2026-09-21 17:57:29 | INFO | online processed=13000/105181 updates=6721
2026-09-21 17:57:51 | INFO | online processed=14000/105181 updates=7280
2026-09-21 17:58:07 | INFO | online processed=15000/105181 updates=7608
2026-09-21 17:58:26 | INFO | online processed=16000/105181 updates=8065
2026-09-21 17:58:51 | INFO | online processed=17000/105181 updates=8737
2026-09-21 17:59:12 | INFO | online processed=18000/105181 updates=9264
2026-09-21 17:59:28 | INFO | online processed=19000/105181 updates=9592
2026-09-21 17:59:48 | INFO | online processed=20000/105181 updates=10081
2026-09-21 18:00:13 | INFO | online processed=21000/105181 updates=10753
2026-09-21 18:00:34 | INFO | online processed=22000/105181 updates=11248
2026-09-21 18:00:50 | INFO | online processed=23000/105181 updates=11576
2026-09-21 18:01:11 | INFO | online processed=24000/105181 updates=12097
2026-09-21 18:01:36 | INFO | online processed=25000/105181 updates=12769
2026-09-21 18:01:55 | INFO | online processed=26000/105181 updates=13232
2026-09-21 18:02:11 | INFO | online processed=27000/105181 updates=13560
2026-09-21 18:02:33 | INFO | online processed=28000/105181 updates=14113
2026-09-21 18:02:58 | INFO | online processed=29000/105181 updates=14785
2026-09-21 18:03:17 | INFO | online processed=30000/105181 updates=15216
2026-09-21 18:03:33 | INFO | online processed=31000/105181 updates=15544
2026-09-21 18:03:56 | INFO | online processed=32000/105181 updates=16129
2026-09-21 18:04:21 | INFO | online processed=33000/105181 updates=16801
2026-09-21 18:04:39 | INFO | online processed=34000/105181 updates=17200
2026-09-21 18:04:55 | INFO | online processed=35000/105181 updates=17528
2026-09-21 18:05:19 | INFO | online processed=36000/105181 updates=18145
2026-09-21 18:05:44 | INFO | online processed=37000/105181 updates=18817
2026-09-21 18:06:01 | INFO | online processed=38000/105181 updates=19184
2026-09-21 18:06:17 | INFO | online processed=39000/105181 updates=19512
2026-09-21 18:06:41 | INFO | online processed=40000/105181 updates=20161
2026-09-21 18:07:06 | INFO | online processed=41000/105181 updates=20833
2026-09-21 18:07:22 | INFO | online processed=42000/105181 updates=21168
2026-09-21 18:07:39 | INFO | online processed=43000/105181 updates=21505
2026-09-21 18:08:04 | INFO | online processed=44000/105181 updates=22177
2026-09-21 18:08:28 | INFO | online processed=45000/105181 updates=22824
2026-09-21 18:08:44 | INFO | online processed=46000/105181 updates=23152
2026-09-21 18:09:02 | INFO | online processed=47000/105181 updates=23521
2026-09-21 18:09:27 | INFO | online processed=48000/105181 updates=24193
2026-09-21 18:09:50 | INFO | online processed=49000/105181 updates=24808
2026-09-21 18:10:06 | INFO | online processed=50000/105181 updates=25136
2026-09-21 18:10:24 | INFO | online processed=51000/105181 updates=25537
2026-09-21 18:10:50 | INFO | online processed=52000/105181 updates=26209
2026-09-21 18:11:12 | INFO | online processed=53000/105181 updates=26792
2026-09-21 18:11:28 | INFO | online processed=54000/105181 updates=27120
2026-09-21 18:11:47 | INFO | online processed=55000/105181 updates=27553
2026-09-21 18:12:12 | INFO | online processed=56000/105181 updates=28225
2026-09-21 18:12:34 | INFO | online processed=57000/105181 updates=28776
2026-09-21 18:12:50 | INFO | online processed=58000/105181 updates=29104
2026-09-21 18:13:10 | INFO | online processed=59000/105181 updates=29569
2026-09-21 18:13:35 | INFO | online processed=60000/105181 updates=30241
2026-09-21 18:13:56 | INFO | online processed=61000/105181 updates=30760
2026-09-21 18:14:12 | INFO | online processed=62000/105181 updates=31088
2026-09-21 18:14:33 | INFO | online processed=63000/105181 updates=31585
2026-09-21 18:14:58 | INFO | online processed=64000/105181 updates=32257
2026-09-21 18:15:18 | INFO | online processed=65000/105181 updates=32744
2026-09-21 18:15:35 | INFO | online processed=66000/105181 updates=33072
2026-09-21 18:15:56 | INFO | online processed=67000/105181 updates=33601
2026-09-21 18:16:21 | INFO | online processed=68000/105181 updates=34273
2026-09-21 18:16:41 | INFO | online processed=69000/105181 updates=34728
2026-09-21 18:16:57 | INFO | online processed=70000/105181 updates=35056
2026-09-21 18:17:19 | INFO | online processed=71000/105181 updates=35617
2026-09-21 18:17:44 | INFO | online processed=72000/105181 updates=36289
2026-09-21 18:18:03 | INFO | online processed=73000/105181 updates=36712
2026-09-21 18:18:19 | INFO | online processed=74000/105181 updates=37040
2026-09-21 18:18:42 | INFO | online processed=75000/105181 updates=37633
2026-09-21 18:19:07 | INFO | online processed=76000/105181 updates=38305
2026-09-21 18:19:25 | INFO | online processed=77000/105181 updates=38696
2026-09-21 18:19:41 | INFO | online processed=78000/105181 updates=39024
2026-09-21 18:20:05 | INFO | online processed=79000/105181 updates=39649
2026-09-21 18:20:30 | INFO | online processed=80000/105181 updates=40321
2026-09-21 18:20:47 | INFO | online processed=81000/105181 updates=40680
2026-09-21 18:21:03 | INFO | online processed=82000/105181 updates=41008
2026-09-21 18:21:28 | INFO | online processed=83000/105181 updates=41665
2026-09-21 18:21:54 | INFO | online processed=84000/105181 updates=42336
2026-09-21 18:22:10 | INFO | online processed=85000/105181 updates=42664
2026-09-21 18:22:26 | INFO | online processed=86000/105181 updates=43009
2026-09-21 18:22:52 | INFO | online processed=87000/105181 updates=43681
2026-09-21 18:23:16 | INFO | online processed=88000/105181 updates=44320
2026-09-21 18:23:32 | INFO | online processed=89000/105181 updates=44648
2026-09-21 18:23:50 | INFO | online processed=90000/105181 updates=45025
2026-09-21 18:24:15 | INFO | online processed=91000/105181 updates=45697
2026-09-21 18:24:38 | INFO | online processed=92000/105181 updates=46304
2026-09-21 18:24:54 | INFO | online processed=93000/105181 updates=46632
2026-09-21 18:25:13 | INFO | online processed=94000/105181 updates=47041
2026-09-21 18:25:38 | INFO | online processed=95000/105181 updates=47713
2026-09-21 18:26:01 | INFO | online processed=96000/105181 updates=48288
2026-09-21 18:26:17 | INFO | online processed=97000/105181 updates=48616
2026-09-21 18:26:36 | INFO | online processed=98000/105181 updates=49057
2026-09-21 18:27:01 | INFO | online processed=99000/105181 updates=49729
2026-09-21 18:27:23 | INFO | online processed=100000/105181 updates=50272
2026-09-21 18:27:40 | INFO | online processed=101000/105181 updates=50600
2026-09-21 18:28:00 | INFO | online processed=102000/105181 updates=51073
2026-09-21 18:28:25 | INFO | online processed=103000/105181 updates=51745
2026-09-21 18:28:46 | INFO | online processed=104000/105181 updates=52256
2026-09-21 18:29:02 | INFO | online processed=105000/105181 updates=52584
2026-09-21 18:29:08 | INFO | online processed=105181/105181 updates=52765
2026-09-21 18:29:09 | INFO | online completed mae=0.698637 rmse=2.215612 sample_rmse=1.987183 wmape=0.358900 updates=52765/105181
2026-09-21 18:29:09 | INFO | metrics=experiments/exp00/metrics.json
