2026-09-22 17:16:12 | INFO | experiment=seed45
2026-09-22 17:16:12 | INFO | directory=experiments/exp01/seeds/seed45
2026-09-22 17:16:12 | INFO | git_commit=eeae0c53d406d4f7162eadeabc7a5513d29d5135 dirty=False
2026-09-22 17:16:12 | INFO | building data, graph, model, optimizer, and SMB
2026-09-22 17:16:22 | INFO | model parameters=329252 online_parameters=22484
2026-09-22 17:16:22 | INFO | warm-up started checkpoint=experiments/exp01/seeds/seed45/checkpoints/warmup.pt
2026-09-22 17:17:43 | INFO | warm-up epoch=1 train_mae=0.706003 validation_mae=0.034464
2026-09-22 17:19:04 | INFO | warm-up epoch=2 train_mae=0.592968 validation_mae=0.036308
2026-09-22 17:20:25 | INFO | warm-up epoch=3 train_mae=0.546734 validation_mae=0.035245
2026-09-22 17:21:46 | INFO | warm-up epoch=4 train_mae=0.526989 validation_mae=0.033332
2026-09-22 17:23:07 | INFO | warm-up epoch=5 train_mae=0.517697 validation_mae=0.032291
2026-09-22 17:24:28 | INFO | warm-up epoch=6 train_mae=0.512183 validation_mae=0.032385
2026-09-22 17:25:49 | INFO | warm-up epoch=7 train_mae=0.508794 validation_mae=0.032687
2026-09-22 17:27:10 | INFO | warm-up epoch=8 train_mae=0.507931 validation_mae=0.032481
2026-09-22 17:28:31 | INFO | warm-up epoch=9 train_mae=0.507103 validation_mae=0.032421
2026-09-22 17:29:52 | INFO | warm-up epoch=10 train_mae=0.506412 validation_mae=0.032473
2026-09-22 17:31:13 | INFO | warm-up epoch=11 train_mae=0.506664 validation_mae=0.032532
2026-09-22 17:32:34 | INFO | warm-up epoch=12 train_mae=0.506595 validation_mae=0.032507
2026-09-22 17:33:55 | INFO | warm-up epoch=13 train_mae=0.506537 validation_mae=0.032529
2026-09-22 17:35:16 | INFO | warm-up epoch=14 train_mae=0.506076 validation_mae=0.032724
2026-09-22 17:36:37 | INFO | warm-up epoch=15 train_mae=0.506070 validation_mae=0.032500
2026-09-22 17:36:37 | INFO | warm-up completed best_epoch=5 validation_mae=0.032291
2026-09-22 17:36:37 | INFO | building fresh online model, optimizer, and SMB
2026-09-22 17:36:48 | INFO | online setup lr=0.001 optimizer_states=0 replay_seen=0 validation_passes=1
2026-09-22 17:36:48 | INFO | online evaluation started
2026-09-22 17:37:13 | INFO | online processed=1000/105181 updates=673
2026-09-22 17:37:38 | INFO | online processed=2000/105181 updates=1328
2026-09-22 17:37:54 | INFO | online processed=3000/105181 updates=1656
2026-09-22 17:38:11 | INFO | online processed=4000/105181 updates=2017
2026-09-22 17:38:37 | INFO | online processed=5000/105181 updates=2689
2026-09-22 17:39:01 | INFO | online processed=6000/105181 updates=3312
2026-09-22 17:39:17 | INFO | online processed=7000/105181 updates=3640
2026-09-22 17:39:35 | INFO | online processed=8000/105181 updates=4033
2026-09-22 17:40:00 | INFO | online processed=9000/105181 updates=4705
2026-09-22 17:40:23 | INFO | online processed=10000/105181 updates=5296
2026-09-22 17:40:39 | INFO | online processed=11000/105181 updates=5624
2026-09-22 17:40:58 | INFO | online processed=12000/105181 updates=6049
2026-09-22 17:41:23 | INFO | online processed=13000/105181 updates=6721
2026-09-22 17:41:46 | INFO | online processed=14000/105181 updates=7280
2026-09-22 17:42:02 | INFO | online processed=15000/105181 updates=7608
2026-09-22 17:42:22 | INFO | online processed=16000/105181 updates=8065
2026-09-22 17:42:47 | INFO | online processed=17000/105181 updates=8737
2026-09-22 17:43:09 | INFO | online processed=18000/105181 updates=9264
2026-09-22 17:43:25 | INFO | online processed=19000/105181 updates=9592
2026-09-22 17:43:46 | INFO | online processed=20000/105181 updates=10081
2026-09-22 17:44:11 | INFO | online processed=21000/105181 updates=10753
2026-09-22 17:44:32 | INFO | online processed=22000/105181 updates=11248
2026-09-22 17:44:48 | INFO | online processed=23000/105181 updates=11576
2026-09-22 17:45:09 | INFO | online processed=24000/105181 updates=12097
2026-09-22 17:45:35 | INFO | online processed=25000/105181 updates=12769
2026-09-22 17:45:55 | INFO | online processed=26000/105181 updates=13232
2026-09-22 17:46:11 | INFO | online processed=27000/105181 updates=13560
2026-09-22 17:46:34 | INFO | online processed=28000/105181 updates=14113
2026-09-22 17:46:59 | INFO | online processed=29000/105181 updates=14785
2026-09-22 17:47:18 | INFO | online processed=30000/105181 updates=15216
2026-09-22 17:47:34 | INFO | online processed=31000/105181 updates=15544
2026-09-22 17:47:58 | INFO | online processed=32000/105181 updates=16129
2026-09-22 17:48:23 | INFO | online processed=33000/105181 updates=16801
2026-09-22 17:48:42 | INFO | online processed=34000/105181 updates=17200
2026-09-22 17:48:58 | INFO | online processed=35000/105181 updates=17528
2026-09-22 17:49:22 | INFO | online processed=36000/105181 updates=18145
2026-09-22 17:49:48 | INFO | online processed=37000/105181 updates=18817
2026-09-22 17:50:05 | INFO | online processed=38000/105181 updates=19184
2026-09-22 17:50:21 | INFO | online processed=39000/105181 updates=19512
2026-09-22 17:50:46 | INFO | online processed=40000/105181 updates=20161
2026-09-22 17:51:12 | INFO | online processed=41000/105181 updates=20833
2026-09-22 17:51:28 | INFO | online processed=42000/105181 updates=21168
2026-09-22 17:51:45 | INFO | online processed=43000/105181 updates=21505
2026-09-22 17:52:11 | INFO | online processed=44000/105181 updates=22177
2026-09-22 17:52:36 | INFO | online processed=45000/105181 updates=22824
2026-09-22 17:52:52 | INFO | online processed=46000/105181 updates=23152
2026-09-22 17:53:10 | INFO | online processed=47000/105181 updates=23521
2026-09-22 17:53:35 | INFO | online processed=48000/105181 updates=24193
2026-09-22 17:53:59 | INFO | online processed=49000/105181 updates=24808
2026-09-22 17:54:16 | INFO | online processed=50000/105181 updates=25136
2026-09-22 17:54:34 | INFO | online processed=51000/105181 updates=25537
2026-09-22 17:55:00 | INFO | online processed=52000/105181 updates=26209
2026-09-22 17:55:23 | INFO | online processed=53000/105181 updates=26792
2026-09-22 17:55:39 | INFO | online processed=54000/105181 updates=27120
2026-09-22 17:55:59 | INFO | online processed=55000/105181 updates=27553
2026-09-22 17:56:25 | INFO | online processed=56000/105181 updates=28225
2026-09-22 17:56:47 | INFO | online processed=57000/105181 updates=28776
2026-09-22 17:57:03 | INFO | online processed=58000/105181 updates=29104
2026-09-22 17:57:24 | INFO | online processed=59000/105181 updates=29569
2026-09-22 17:57:49 | INFO | online processed=60000/105181 updates=30241
2026-09-22 17:58:11 | INFO | online processed=61000/105181 updates=30760
2026-09-22 17:58:27 | INFO | online processed=62000/105181 updates=31088
2026-09-22 17:58:48 | INFO | online processed=63000/105181 updates=31585
2026-09-22 17:59:14 | INFO | online processed=64000/105181 updates=32257
2026-09-22 17:59:35 | INFO | online processed=65000/105181 updates=32744
2026-09-22 17:59:51 | INFO | online processed=66000/105181 updates=33072
2026-09-22 18:00:13 | INFO | online processed=67000/105181 updates=33601
2026-09-22 18:00:39 | INFO | online processed=68000/105181 updates=34273
2026-09-22 18:00:59 | INFO | online processed=69000/105181 updates=34728
2026-09-22 18:01:15 | INFO | online processed=70000/105181 updates=35056
2026-09-22 18:01:38 | INFO | online processed=71000/105181 updates=35617
2026-09-22 18:02:04 | INFO | online processed=72000/105181 updates=36289
2026-09-22 18:02:23 | INFO | online processed=73000/105181 updates=36712
2026-09-22 18:02:39 | INFO | online processed=74000/105181 updates=37040
2026-09-22 18:03:03 | INFO | online processed=75000/105181 updates=37633
2026-09-22 18:03:29 | INFO | online processed=76000/105181 updates=38305
2026-09-22 18:03:47 | INFO | online processed=77000/105181 updates=38696
2026-09-22 18:04:04 | INFO | online processed=78000/105181 updates=39024
2026-09-22 18:04:28 | INFO | online processed=79000/105181 updates=39649
2026-09-22 18:04:54 | INFO | online processed=80000/105181 updates=40321
2026-09-22 18:05:11 | INFO | online processed=81000/105181 updates=40680
2026-09-22 18:05:28 | INFO | online processed=82000/105181 updates=41008
2026-09-22 18:05:53 | INFO | online processed=83000/105181 updates=41665
2026-09-22 18:06:19 | INFO | online processed=84000/105181 updates=42336
2026-09-22 18:06:36 | INFO | online processed=85000/105181 updates=42664
2026-09-22 18:06:53 | INFO | online processed=86000/105181 updates=43009
2026-09-22 18:07:18 | INFO | online processed=87000/105181 updates=43681
2026-09-22 18:07:43 | INFO | online processed=88000/105181 updates=44320
2026-09-22 18:08:00 | INFO | online processed=89000/105181 updates=44648
2026-09-22 18:08:19 | INFO | online processed=90000/105181 updates=45025
2026-09-22 18:08:45 | INFO | online processed=91000/105181 updates=45697
2026-09-22 18:09:09 | INFO | online processed=92000/105181 updates=46304
2026-09-22 18:09:26 | INFO | online processed=93000/105181 updates=46632
2026-09-22 18:09:45 | INFO | online processed=94000/105181 updates=47041
2026-09-22 18:10:11 | INFO | online processed=95000/105181 updates=47713
2026-09-22 18:10:34 | INFO | online processed=96000/105181 updates=48288
2026-09-22 18:10:51 | INFO | online processed=97000/105181 updates=48616
2026-09-22 18:11:11 | INFO | online processed=98000/105181 updates=49057
2026-09-22 18:11:37 | INFO | online processed=99000/105181 updates=49729
2026-09-22 18:11:59 | INFO | online processed=100000/105181 updates=50272
2026-09-22 18:12:16 | INFO | online processed=101000/105181 updates=50600
2026-09-22 18:12:37 | INFO | online processed=102000/105181 updates=51073
2026-09-22 18:13:03 | INFO | online processed=103000/105181 updates=51745
2026-09-22 18:13:24 | INFO | online processed=104000/105181 updates=52256
2026-09-22 18:13:41 | INFO | online processed=105000/105181 updates=52584
2026-09-22 18:13:47 | INFO | online processed=105181/105181 updates=52765
2026-09-22 18:13:48 | INFO | online completed mae=0.706964 rmse=2.264251 sample_rmse=2.025531 wmape=0.363178 updates=52765/105181
2026-09-22 18:13:48 | INFO | metrics=experiments/exp01/seeds/seed45/metrics.json
