2026-09-22 14:48:29 | INFO | experiment=seed43
2026-09-22 14:48:29 | INFO | directory=experiments/exp01/seeds/seed43
2026-09-22 14:48:29 | INFO | git_commit=eeae0c53d406d4f7162eadeabc7a5513d29d5135 dirty=False
2026-09-22 14:48:29 | INFO | building data, graph, model, optimizer, and SMB
2026-09-22 14:48:40 | INFO | model parameters=329252 online_parameters=22484
2026-09-22 14:48:40 | INFO | warm-up started checkpoint=experiments/exp01/seeds/seed43/checkpoints/warmup.pt
2026-09-22 14:50:00 | INFO | warm-up epoch=1 train_mae=0.710477 validation_mae=0.035514
2026-09-22 14:51:22 | INFO | warm-up epoch=2 train_mae=0.590979 validation_mae=0.036724
2026-09-22 14:52:43 | INFO | warm-up epoch=3 train_mae=0.545434 validation_mae=0.033344
2026-09-22 14:54:04 | INFO | warm-up epoch=4 train_mae=0.526714 validation_mae=0.034890
2026-09-22 14:55:24 | INFO | warm-up epoch=5 train_mae=0.516303 validation_mae=0.034058
2026-09-22 14:56:45 | INFO | warm-up epoch=6 train_mae=0.512194 validation_mae=0.032591
2026-09-22 14:58:06 | INFO | warm-up epoch=7 train_mae=0.510202 validation_mae=0.032591
2026-09-22 14:59:28 | INFO | warm-up epoch=8 train_mae=0.508498 validation_mae=0.032465
2026-09-22 15:00:49 | INFO | warm-up epoch=9 train_mae=0.507870 validation_mae=0.032560
2026-09-22 15:02:10 | INFO | warm-up epoch=10 train_mae=0.507757 validation_mae=0.032514
2026-09-22 15:03:31 | INFO | warm-up epoch=11 train_mae=0.506910 validation_mae=0.032573
2026-09-22 15:04:52 | INFO | warm-up epoch=12 train_mae=0.506980 validation_mae=0.032525
2026-09-22 15:06:13 | INFO | warm-up epoch=13 train_mae=0.507209 validation_mae=0.032746
2026-09-22 15:07:34 | INFO | warm-up epoch=14 train_mae=0.506870 validation_mae=0.032616
2026-09-22 15:08:55 | INFO | warm-up epoch=15 train_mae=0.507102 validation_mae=0.032541
2026-09-22 15:10:16 | INFO | warm-up epoch=16 train_mae=0.507531 validation_mae=0.032598
2026-09-22 15:11:37 | INFO | warm-up epoch=17 train_mae=0.506635 validation_mae=0.032735
2026-09-22 15:12:58 | INFO | warm-up epoch=18 train_mae=0.506469 validation_mae=0.032534
2026-09-22 15:12:58 | INFO | warm-up completed best_epoch=8 validation_mae=0.032465
2026-09-22 15:12:58 | INFO | building fresh online model, optimizer, and SMB
2026-09-22 15:13:09 | INFO | online setup lr=0.001 optimizer_states=0 replay_seen=0 validation_passes=1
2026-09-22 15:13:09 | INFO | online evaluation started
2026-09-22 15:13:34 | INFO | online processed=1000/105181 updates=673
2026-09-22 15:13:58 | INFO | online processed=2000/105181 updates=1328
2026-09-22 15:14:15 | INFO | online processed=3000/105181 updates=1656
2026-09-22 15:14:32 | INFO | online processed=4000/105181 updates=2017
2026-09-22 15:14:57 | INFO | online processed=5000/105181 updates=2689
2026-09-22 15:15:21 | INFO | online processed=6000/105181 updates=3312
2026-09-22 15:15:37 | INFO | online processed=7000/105181 updates=3640
2026-09-22 15:15:55 | INFO | online processed=8000/105181 updates=4033
2026-09-22 15:16:20 | INFO | online processed=9000/105181 updates=4705
2026-09-22 15:16:44 | INFO | online processed=10000/105181 updates=5296
2026-09-22 15:17:00 | INFO | online processed=11000/105181 updates=5624
2026-09-22 15:17:19 | INFO | online processed=12000/105181 updates=6049
2026-09-22 15:17:44 | INFO | online processed=13000/105181 updates=6721
2026-09-22 15:18:06 | INFO | online processed=14000/105181 updates=7280
2026-09-22 15:18:23 | INFO | online processed=15000/105181 updates=7608
2026-09-22 15:18:42 | INFO | online processed=16000/105181 updates=8065
2026-09-22 15:19:08 | INFO | online processed=17000/105181 updates=8737
2026-09-22 15:19:29 | INFO | online processed=18000/105181 updates=9264
2026-09-22 15:19:46 | INFO | online processed=19000/105181 updates=9592
2026-09-22 15:20:06 | INFO | online processed=20000/105181 updates=10081
2026-09-22 15:20:32 | INFO | online processed=21000/105181 updates=10753
2026-09-22 15:20:53 | INFO | online processed=22000/105181 updates=11248
2026-09-22 15:21:09 | INFO | online processed=23000/105181 updates=11576
2026-09-22 15:21:30 | INFO | online processed=24000/105181 updates=12097
2026-09-22 15:21:56 | INFO | online processed=25000/105181 updates=12769
2026-09-22 15:22:16 | INFO | online processed=26000/105181 updates=13232
2026-09-22 15:22:32 | INFO | online processed=27000/105181 updates=13560
2026-09-22 15:22:55 | INFO | online processed=28000/105181 updates=14113
2026-09-22 15:23:20 | INFO | online processed=29000/105181 updates=14785
2026-09-22 15:23:39 | INFO | online processed=30000/105181 updates=15216
2026-09-22 15:23:56 | INFO | online processed=31000/105181 updates=15544
2026-09-22 15:24:19 | INFO | online processed=32000/105181 updates=16129
2026-09-22 15:24:45 | INFO | online processed=33000/105181 updates=16801
2026-09-22 15:25:03 | INFO | online processed=34000/105181 updates=17200
2026-09-22 15:25:19 | INFO | online processed=35000/105181 updates=17528
2026-09-22 15:25:43 | INFO | online processed=36000/105181 updates=18145
2026-09-22 15:26:09 | INFO | online processed=37000/105181 updates=18817
2026-09-22 15:26:26 | INFO | online processed=38000/105181 updates=19184
2026-09-22 15:26:43 | INFO | online processed=39000/105181 updates=19512
2026-09-22 15:27:08 | INFO | online processed=40000/105181 updates=20161
2026-09-22 15:27:34 | INFO | online processed=41000/105181 updates=20833
2026-09-22 15:27:50 | INFO | online processed=42000/105181 updates=21168
2026-09-22 15:28:07 | INFO | online processed=43000/105181 updates=21505
2026-09-22 15:28:33 | INFO | online processed=44000/105181 updates=22177
2026-09-22 15:28:58 | INFO | online processed=45000/105181 updates=22824
2026-09-22 15:29:14 | INFO | online processed=46000/105181 updates=23152
2026-09-22 15:29:32 | INFO | online processed=47000/105181 updates=23521
2026-09-22 15:29:57 | INFO | online processed=48000/105181 updates=24193
2026-09-22 15:30:21 | INFO | online processed=49000/105181 updates=24808
2026-09-22 15:30:38 | INFO | online processed=50000/105181 updates=25136
2026-09-22 15:30:56 | INFO | online processed=51000/105181 updates=25537
2026-09-22 15:31:22 | INFO | online processed=52000/105181 updates=26209
2026-09-22 15:31:45 | INFO | online processed=53000/105181 updates=26792
2026-09-22 15:32:02 | INFO | online processed=54000/105181 updates=27120
2026-09-22 15:32:21 | INFO | online processed=55000/105181 updates=27553
2026-09-22 15:32:47 | INFO | online processed=56000/105181 updates=28225
2026-09-22 15:33:09 | INFO | online processed=57000/105181 updates=28776
2026-09-22 15:33:26 | INFO | online processed=58000/105181 updates=29104
2026-09-22 15:33:46 | INFO | online processed=59000/105181 updates=29569
2026-09-22 15:34:12 | INFO | online processed=60000/105181 updates=30241
2026-09-22 15:34:33 | INFO | online processed=61000/105181 updates=30760
2026-09-22 15:34:50 | INFO | online processed=62000/105181 updates=31088
2026-09-22 15:35:11 | INFO | online processed=63000/105181 updates=31585
2026-09-22 15:35:37 | INFO | online processed=64000/105181 updates=32257
2026-09-22 15:35:57 | INFO | online processed=65000/105181 updates=32744
2026-09-22 15:36:14 | INFO | online processed=66000/105181 updates=33072
2026-09-22 15:36:36 | INFO | online processed=67000/105181 updates=33601
2026-09-22 15:37:01 | INFO | online processed=68000/105181 updates=34273
2026-09-22 15:37:21 | INFO | online processed=69000/105181 updates=34728
2026-09-22 15:37:38 | INFO | online processed=70000/105181 updates=35056
2026-09-22 15:38:01 | INFO | online processed=71000/105181 updates=35617
2026-09-22 15:38:27 | INFO | online processed=72000/105181 updates=36289
2026-09-22 15:38:46 | INFO | online processed=73000/105181 updates=36712
2026-09-22 15:39:02 | INFO | online processed=74000/105181 updates=37040
2026-09-22 15:39:26 | INFO | online processed=75000/105181 updates=37633
2026-09-22 15:39:52 | INFO | online processed=76000/105181 updates=38305
2026-09-22 15:40:10 | INFO | online processed=77000/105181 updates=38696
2026-09-22 15:40:27 | INFO | online processed=78000/105181 updates=39024
2026-09-22 15:40:51 | INFO | online processed=79000/105181 updates=39649
2026-09-22 15:41:17 | INFO | online processed=80000/105181 updates=40321
2026-09-22 15:41:35 | INFO | online processed=81000/105181 updates=40680
2026-09-22 15:41:51 | INFO | online processed=82000/105181 updates=41008
2026-09-22 15:42:17 | INFO | online processed=83000/105181 updates=41665
2026-09-22 15:42:43 | INFO | online processed=84000/105181 updates=42336
2026-09-22 15:42:59 | INFO | online processed=85000/105181 updates=42664
2026-09-22 15:43:16 | INFO | online processed=86000/105181 updates=43009
2026-09-22 15:43:42 | INFO | online processed=87000/105181 updates=43681
2026-09-22 15:44:07 | INFO | online processed=88000/105181 updates=44320
2026-09-22 15:44:23 | INFO | online processed=89000/105181 updates=44648
2026-09-22 15:44:41 | INFO | online processed=90000/105181 updates=45025
2026-09-22 15:45:07 | INFO | online processed=91000/105181 updates=45697
2026-09-22 15:45:31 | INFO | online processed=92000/105181 updates=46304
2026-09-22 15:45:48 | INFO | online processed=93000/105181 updates=46632
2026-09-22 15:46:07 | INFO | online processed=94000/105181 updates=47041
2026-09-22 15:46:33 | INFO | online processed=95000/105181 updates=47713
2026-09-22 15:46:56 | INFO | online processed=96000/105181 updates=48288
2026-09-22 15:47:13 | INFO | online processed=97000/105181 updates=48616
2026-09-22 15:47:32 | INFO | online processed=98000/105181 updates=49057
2026-09-22 15:47:58 | INFO | online processed=99000/105181 updates=49729
2026-09-22 15:48:21 | INFO | online processed=100000/105181 updates=50272
2026-09-22 15:48:37 | INFO | online processed=101000/105181 updates=50600
2026-09-22 15:48:58 | INFO | online processed=102000/105181 updates=51073
2026-09-22 15:49:24 | INFO | online processed=103000/105181 updates=51745
2026-09-22 15:49:45 | INFO | online processed=104000/105181 updates=52256
2026-09-22 15:50:02 | INFO | online processed=105000/105181 updates=52584
2026-09-22 15:50:08 | INFO | online processed=105181/105181 updates=52765
2026-09-22 15:50:09 | INFO | online completed mae=0.706143 rmse=2.267364 sample_rmse=2.025183 wmape=0.362756 updates=52765/105181
2026-09-22 15:50:09 | INFO | metrics=experiments/exp01/seeds/seed43/metrics.json
